[23-Jun-2025 16:19:26 Europe/Berlin] PHP Warning:  require_once(../config/functions.php): Failed to open stream: No such file or directory in D:\Xampp\htdocs\Medbuddy\api\update_appointment_status.php on line 9
[23-Jun-2025 16:19:26 Europe/Berlin] PHP Fatal error:  Uncaught Error: Failed opening required '../config/functions.php' (include_path='D:\Xampp\php\PEAR') in D:\Xampp\htdocs\Medbuddy\api\update_appointment_status.php:9
Stack trace:
#0 {main}
  thrown in D:\Xampp\htdocs\Medbuddy\api\update_appointment_status.php on line 9
[23-Jun-2025 16:19:30 Europe/Berlin] PHP Warning:  require_once(../config/functions.php): Failed to open stream: No such file or directory in D:\Xampp\htdocs\Medbuddy\api\update_appointment_status.php on line 9
[23-Jun-2025 16:19:30 Europe/Berlin] PHP Fatal error:  Uncaught Error: Failed opening required '../config/functions.php' (include_path='D:\Xampp\php\PEAR') in D:\Xampp\htdocs\Medbuddy\api\update_appointment_status.php:9
Stack trace:
#0 {main}
  thrown in D:\Xampp\htdocs\Medbuddy\api\update_appointment_status.php on line 9
[23-Jun-2025 16:20:46 Europe/Berlin] PHP Warning:  require_once(../config/functions.php): Failed to open stream: No such file or directory in D:\Xampp\htdocs\Medbuddy\api\update_appointment_status.php on line 9
[23-Jun-2025 16:20:46 Europe/Berlin] PHP Fatal error:  Uncaught Error: Failed opening required '../config/functions.php' (include_path='D:\Xampp\php\PEAR') in D:\Xampp\htdocs\Medbuddy\api\update_appointment_status.php:9
Stack trace:
#0 {main}
  thrown in D:\Xampp\htdocs\Medbuddy\api\update_appointment_status.php on line 9
[23-Jun-2025 16:20:49 Europe/Berlin] PHP Warning:  require_once(../config/functions.php): Failed to open stream: No such file or directory in D:\Xampp\htdocs\Medbuddy\api\update_appointment_status.php on line 9
[23-Jun-2025 16:20:49 Europe/Berlin] PHP Fatal error:  Uncaught Error: Failed opening required '../config/functions.php' (include_path='D:\Xampp\php\PEAR') in D:\Xampp\htdocs\Medbuddy\api\update_appointment_status.php:9
Stack trace:
#0 {main}
  thrown in D:\Xampp\htdocs\Medbuddy\api\update_appointment_status.php on line 9
